── Alignement des versions sur 6.15.0
── Contrôle qualité
════════ Contrôle qualité Partikulier ════════

── Syntaxe PHP
   65 fichiers, aucune erreur
── Syntaxe JavaScript
   2 fichiers, aucune erreur
── Cohérence des versions
   style.css 6.15.0 · functions.php 6.15.0 · package.json 6.15.0 · readme.txt 6.15.0
   Les 4 fichiers concordent
── Régressions connues
   .pk-wish-active stylée               OK
   gestionnaires favoris : 1 gestionnaire(s) addEventListener détecté(s)
   garde .pk-steps dans main.js          OK
   vocabulaire (pas de « mandataire » affiché)  OK

════════ Tout est conforme ════════

Archive : /home/ubuntu/partikulier2/partikulier-6.15.0.zip
Taille  : 539K
SHA-256 : fb7dd8dffe6e9281c9d24171fcc6dc7812f89884034e106b15f80d1fe530d819

Pensez à ajouter l'entrée de changelog dans theme/readme.txt.
