No syntax errors detected in theme/estatik4/front/property/archive.php
No syntax errors detected in theme/estatik4/front/property/content-archive.php
No syntax errors detected in theme/estatik4/front/property/single.php
No syntax errors detected in theme/estatik4/front/shortcodes/search/main.php
No syntax errors detected in theme/footer.php
No syntax errors detected in theme/front-page.php
No syntax errors detected in theme/functions.php
No syntax errors detected in theme/header.php
No syntax errors detected in theme/inc/class-automation-bridge.php
No syntax errors detected in theme/inc/class-avif.php
No syntax errors detected in theme/inc/class-buyer-qualification.php
No syntax errors detected in theme/inc/class-cache.php
No syntax errors detected in theme/inc/class-customization.php
No syntax errors detected in theme/inc/class-dashboard.php
No syntax errors detected in theme/inc/class-estatik.php
No syntax errors detected in theme/inc/class-form.php
No syntax errors detected in theme/inc/class-geo.php
No syntax errors detected in theme/inc/class-jsonld.php
No syntax errors detected in theme/inc/class-lead-retention.php
No syntax errors detected in theme/inc/class-leads-admin.php
No syntax errors detected in theme/inc/class-listing-approval.php
No syntax errors detected in theme/inc/class-listing-i18n.php
No syntax errors detected in theme/inc/class-listing-preview.php
No syntax errors detected in theme/inc/class-listing-translations.php
No syntax errors detected in theme/inc/class-listing-urls.php
No syntax errors detected in theme/inc/class-localization.php
No syntax errors detected in theme/inc/class-morocco-places.php
No syntax errors detected in theme/inc/class-optimization.php
No syntax errors detected in theme/inc/class-owner-insights.php
No syntax errors detected in theme/inc/class-page-doctor.php
No syntax errors detected in theme/inc/class-page-templates.php
No syntax errors detected in theme/inc/class-payment-foundation.php
No syntax errors detected in theme/inc/class-place-requests.php
No syntax errors detected in theme/inc/class-premium.php
No syntax errors detected in theme/inc/class-required-pages.php
No syntax errors detected in theme/inc/class-saved-alerts.php
No syntax errors detected in theme/inc/class-scripts.php
No syntax errors detected in theme/inc/class-search-filters.php
No syntax errors detected in theme/inc/class-security.php
No syntax errors detected in theme/inc/class-seo.php
No syntax errors detected in theme/inc/class-settings.php
No syntax errors detected in theme/inc/class-sitemap.php
No syntax errors detected in theme/inc/class-theme-setup.php
No syntax errors detected in theme/inc/class-upgrade-wizard.php
No syntax errors detected in theme/inc/class-whatsapp-verification.php
No syntax errors detected in theme/inc/class-n8n-security.php
No syntax errors detected in theme/index.php
No syntax errors detected in theme/page.php
No syntax errors detected in theme/templates/404.php
No syntax errors detected in theme/templates/archive.php
No syntax errors detected in theme/templates/footer.php
No syntax errors detected in theme/templates/front-page.php
No syntax errors detected in theme/templates/header.php
No syntax errors detected in theme/templates/page-deposer-annonce.php
No syntax errors detected in theme/templates/page-favoris.php
No syntax errors detected in theme/templates/page-mes-annonces.php
No syntax errors detected in theme/templates/page.php
No syntax errors detected in theme/templates/parts/card-property.php
No syntax errors detected in theme/templates/parts/helpers.php
No syntax errors detected in theme/templates/parts/menu.php
No syntax errors detected in theme/templates/parts/search-form.php
No syntax errors detected in theme/templates/search.php
No syntax errors detected in theme/templates/single.php
No syntax errors detected in theme/tests/diagnostic-site.php
No syntax errors detected in theme/tests/reparer-taxonomies.php
No syntax errors detected in theme/tests/traduire-annonces.php
