── Alignement des versions sur 6.17.0
── Contrôle qualité
════════ Contrôle qualité Partikulier ════════

── Syntaxe PHP
   66 fichiers, aucune erreur
── Syntaxe JavaScript
   2 fichiers, aucune erreur
── Cohérence des versions
   style.css 6.17.0 · functions.php 6.17.0 · package.json 6.17.0 · readme.txt 6.17.0
   Les 4 fichiers concordent
── Garde-fou routes automation
   modules automation via wrapper central       OK
── Régressions connues
   .pk-wish-active stylée               OK
   gestionnaires favoris : 1 gestionnaire(s) addEventListener détecté(s)
   garde .pk-steps dans main.js          OK
   vocabulaire (pas de « mandataire » affiché)  OK

════════ Tout est conforme ════════

Archive : /home/ubuntu/partikulier2/partikulier-6.17.0.zip
Taille  : 914K
SHA-256 : f06ddd40cffd23484c1c171387ad8818e6cd10cc5ebe2554ce9d6ba174cd999b

Pensez à ajouter l'entrée de changelog dans theme/readme.txt.
