--- Démarrage du test de concurrence HMAC Senior ---
Round 1...
  P1: <!doctype html>
<html lang="fr-FR">
<head>
<meta charset="UTF-8">
<meta name="viewport" content="width=device-width, initial-scale=1">
<meta name="theme-color" content="#111111">
<link rel="profile" href="https://gmpg.org/xfn/11">
<title>Page non trouvée &#8211; Partikulier Final</title>
<meta name='robots' content='max-image-preview:large' />
<link rel="canonical" href="http://localhost:8092/partikulier/v1/automation-event">
<meta name="robots" content="noindex,follow">
<meta property="og:url" content="http://localhost:8092/partikulier/v1/automation-event">
<meta property="og:site_name" content="Partikulier Final">
<meta property="og:locale" content="fr_FR">
<meta name="generator" content="WordPress 6.6.1">
<meta property="og:type" content="website">
<meta property="og:title" content="Page non trouvée &#8211; Partikulier Final">
<meta name="twitter:card" content="summary">
<link rel="alternate" type="application/rss+xml" title="Partikulier Final &raquo; Flux" href="http://localhost:8092/fr/feed/" />
<link rel="alternate" type="application/rss+xml" title="Partikulier Final &raquo; Flux des commentaires" href="http://localhost:8092/fr/comments/feed/" />
<link rel="preload" href="http://localhost:8092/wp-content/themes/partikulier/assets/fonts/dm-sans-latin.woff2" as="font" type="font/woff2" crossorigin fetchpriority="high">

<script type="application/ld+json">{"@context":"https://schema.org","@graph":[{"@type":"WebSite","@id":"http://localhost:8092/fr/#website","url":"http://localhost:8092/fr/","name":"Partikulier Final","description":"","inLanguage":"fr_FR","potentialAction":{"@type":"SearchAction","target":{"@type":"EntryPoint","urlTemplate":"http://localhost:8092/fr/?s={search_term_string}&post_type=properties"},"query-input":"required name=search_term_string"}},{"@type":"BreadcrumbList","itemListElement":[{"@type":"ListItem","position":1,"name":"Partikulier Final","item":"http://localhost:8092/fr/"}]}]}</script>
<link rel='stylesheet' id='wp-block-library-css' href='http://localhost:8092/wp-includes/css/dist/block-library/style.min.css?ver=6.6.1' media='all' />
<style id='wp-block-library-theme-inline-css'>
.wp-block-audio :where(figcaption){color:#555;font-size:13px;text-align:center}.is-dark-theme .wp-block-audio :where(figcaption){color:#ffffffa6}.wp-block-audio{margin:0 0 1em}.wp-block-code{border:1px solid #ccc;border-radius:4px;font-family:Menlo,Consolas,monaco,monospace;padding:.8em 1em}.wp-block-embed :where(figcaption){color:#555;font-size:13px;text-align:center}.is-dark-theme .wp-block-embed :where(figcaption){color:#ffffffa6}.wp-block-embed{margin:0 0 1em}.blocks-gallery-caption{color:#555;font-size:13px;text-align:center}.is-dark-theme .blocks-gallery-caption{color:#ffffffa6}:root :where(.wp-block-image figcaption){color:#555;font-size:13px;text-align:center}.is-dark-theme :root :where(.wp-block-image figcaption){color:#ffffffa6}.wp-block-image{margin:0 0 1em}.wp-block-pullquote{border-bottom:4px solid;border-top:4px solid;color:currentColor;margin-bottom:1.75em}.wp-block-pullquote cite,.wp-block-pullquote footer,.wp-block-pullquote__citation{color:currentColor;font-size:.8125em;font-style:normal;text-transform:uppercase}.wp-block-quote{border-left:.25em solid;margin:0 0 1.75em;padding-left:1em}.wp-block-quote cite,.wp-block-quote footer{color:currentColor;font-size:.8125em;font-style:normal;position:relative}.wp-block-quote.has-text-align-right{border-left:none;border-right:.25em solid;padding-left:0;padding-right:1em}.wp-block-quote.has-text-align-center{border:none;padding-left:0}.wp-block-quote.is-large,.wp-block-quote.is-style-large,.wp-block-quote.is-style-plain{border:none}.wp-block-search .wp-block-search__label{font-weight:700}.wp-block-search__button{border:1px solid #ccc;padding:.375em .625em}:where(.wp-block-group.has-background){padding:1.25em 2.375em}.wp-block-separator.has-css-opacity{opacity:.4}.wp-block-separator{border:none;border-bottom:2px solid;margin-left:auto;margin-right:auto}.wp-block-separator.has-alpha-channel-opacity{opacity:1}.wp-block-separator:not(.is-style-wide):not(.is-style-dots){width:100px}.wp-block-separator.has-background:not(.is-style-dots){border-bottom:none;height:1px}.wp-block-separator.has-background:not(.is-style-wide):not(.is-style-dots){height:2px}.wp-block-table{margin:0 0 1em}.wp-block-table td,.wp-block-table th{word-break:normal}.wp-block-table :where(figcaption){color:#555;font-size:13px;text-align:center}.is-dark-theme .wp-block-table :where(figcaption){color:#ffffffa6}.wp-block-video :where(figcaption){color:#555;font-size:13px;text-align:center}.is-dark-theme .wp-block-video :where(figcaption){color:#ffffffa6}.wp-block-video{margin:0 0 1em}:root :where(.wp-block-template-part.has-background){margin-bottom:0;margin-top:0;padding:1.25em 2.375em}
</style>
<style id='classic-theme-styles-inline-css'>
/*! This file is auto-generated */
.wp-block-button__link{color:#fff;background-color:#32373c;border-radius:9999px;box-shadow:none;text-decoration:none;padding:calc(.667em + 2px) calc(1.333em + 2px);font-size:1.125em}.wp-block-file__button{background:#32373c;color:#fff;text-decoration:none}
</style>
<style id='global-styles-inline-css'>
:root{--wp--preset--aspect-ratio--square: 1;--wp--preset--aspect-ratio--4-3: 4/3;--wp--preset--aspect-ratio--3-4: 3/4;--wp--preset--aspect-ratio--3-2: 3/2;--wp--preset--aspect-ratio--2-3: 2/3;--wp--preset--aspect-ratio--16-9: 16/9;--wp--preset--aspect-ratio--9-16: 9/16;--wp--preset--color--black: #000000;--wp--preset--color--cyan-bluish-gray: #abb8c3;--wp--preset--color--white: #ffffff;--wp--preset--color--pale-pink: #f78da7;--wp--preset--color--vivid-red: #cf2e2e;--wp--preset--color--luminous-vivid-orange: #ff6900;--wp--preset--color--luminous-vivid-amber: #fcb900;--wp--preset--color--light-green-cyan: #7bdcb5;--wp--preset--color--vivid-green-cyan: #00d084;--wp--preset--color--pale-cyan-blue: #8ed1fc;--wp--preset--color--vivid-cyan-blue: #0693e3;--wp--preset--color--vivid-purple: #9b51e0;--wp--preset--gradient--vivid-cyan-blue-to-vivid-purple: linear-gradient(135deg,rgba(6,147,227,1) 0%,rgb(155,81,224) 100%);--wp--preset--gradient--light-green-cyan-to-vivid-green-cyan: linear-gradient(135deg,rgb(122,220,180) 0%,rgb(0,208,130) 100%);--wp--preset--gradient--luminous-vivid-amber-to-luminous-vivid-orange: linear-gradient(135deg,rgba(252,185,0,1) 0%,rgba(255,105,0,1) 100%);--wp--preset--gradient--luminous-vivid-orange-to-vivid-red: linear-gradient(135deg,rgba(255,105,0,1) 0%,rgb(207,46,46) 100%);--wp--preset--gradient--very-light-gray-to-cyan-bluish-gray: linear-gradient(135deg,rgb(238,238,238) 0%,rgb(169,184,195) 100%);--wp--preset--gradient--cool-to-warm-spectrum: linear-gradient(135deg,rgb(74,234,220) 0%,rgb(151,120,209) 20%,rgb(207,42,186) 40%,rgb(238,44,130) 60%,rgb(251,105,98) 80%,rgb(254,248,76) 100%);--wp--preset--gradient--blush-light-purple: linear-gradient(135deg,rgb(255,206,236) 0%,rgb(152,150,240) 100%);--wp--preset--gradient--blush-bordeaux: linear-gradient(135deg,rgb(254,205,165) 0%,rgb(254,45,45) 50%,rgb(107,0,62) 100%);--wp--preset--gradient--luminous-dusk: linear-gradient(135deg,rgb(255,203,112) 0%,rgb(199,81,192) 50%,rgb(65,88,208) 100%);--wp--preset--gradient--pale-ocean: linear-gradient(135deg,rgb(255,245,203) 0%,rgb(182,227,212) 50%,rgb(51,167,181) 100%);--wp--preset--gradient--electric-grass: linear-gradient(135deg,rgb(202,248,128) 0%,rgb(113,206,126) 100%);--wp--preset--gradient--midnight: linear-gradient(135deg,rgb(2,3,129) 0%,rgb(40,116,252) 100%);--wp--preset--font-size--small: 13px;--wp--preset--font-size--medium: 20px;--wp--preset--font-size--large: 36px;--wp--preset--font-size--x-large: 42px;--wp--preset--spacing--20: 0.44rem;--wp--preset--spacing--30: 0.67rem;--wp--preset--spacing--40: 1rem;--wp--preset--spacing--50: 1.5rem;--wp--preset--spacing--60: 2.25rem;--wp--preset--spacing--70: 3.38rem;--wp--preset--spacing--80: 5.06rem;--wp--preset--shadow--natural: 6px 6px 9px rgba(0, 0, 0, 0.2);--wp--preset--shadow--deep: 12px 12px 50px rgba(0, 0, 0, 0.4);--wp--preset--shadow--sharp: 6px 6px 0px rgba(0, 0, 0, 0.2);--wp--preset--shadow--outlined: 6px 6px 0px -3px rgba(255, 255, 255, 1), 6px 6px rgba(0, 0, 0, 1);--wp--preset--shadow--crisp: 6px 6px 0px rgba(0, 0, 0, 1);}:where(.is-layout-flex){gap: 0.5em;}:where(.is-layout-grid){gap: 0.5em;}body .is-layout-flex{display: flex;}.is-layout-flex{flex-wrap: wrap;align-items: center;}.is-layout-flex > :is(*, div){margin: 0;}body .is-layout-grid{display: grid;}.is-layout-grid > :is(*, div){margin: 0;}:where(.wp-block-columns.is-layout-flex){gap: 2em;}:where(.wp-block-columns.is-layout-grid){gap: 2em;}:where(.wp-block-post-template.is-layout-flex){gap: 1.25em;}:where(.wp-block-post-template.is-layout-grid){gap: 1.25em;}.has-black-color{color: var(--wp--preset--color--black) !important;}.has-cyan-bluish-gray-color{color: var(--wp--preset--color--cyan-bluish-gray) !important;}.has-white-color{color: var(--wp--preset--color--white) !important;}.has-pale-pink-color{color: var(--wp--preset--color--pale-pink) !important;}.has-vivid-red-color{color: var(--wp--preset--color--vivid-red) !important;}.has-luminous-vivid-orange-color{color: var(--wp--preset--color--luminous-vivid-orange) !important;}.has-luminous-vivid-amber-color{color: var(--wp--preset--color--luminous-vivid-amber) !important;}.has-light-green-cyan-color{color: var(--wp--preset--color--light-green-cyan) !important;}.has-vivid-green-cyan-color{color: var(--wp--preset--color--vivid-green-cyan) !important;}.has-pale-cyan-blue-color{color: var(--wp--preset--color--pale-cyan-blue) !important;}.has-vivid-cyan-blue-color{color: var(--wp--preset--color--vivid-cyan-blue) !important;}.has-vivid-purple-color{color: var(--wp--preset--color--vivid-purple) !important;}.has-black-background-color{background-color: var(--wp--preset--color--black) !important;}.has-cyan-bluish-gray-background-color{background-color: var(--wp--preset--color--cyan-bluish-gray) !important;}.has-white-background-color{background-color: var(--wp--preset--color--white) !important;}.has-pale-pink-background-color{background-color: var(--wp--preset--color--pale-pink) !important;}.has-vivid-red-background-color{background-color: var(--wp--preset--color--vivid-red) !important;}.has-luminous-vivid-orange-background-color{background-color: var(--wp--preset--color--luminous-vivid-orange) !important;}.has-luminous-vivid-amber-background-color{background-color: var(--wp--preset--color--luminous-vivid-amber) !important;}.has-light-green-cyan-background-color{background-color: var(--wp--preset--color--light-green-cyan) !important;}.has-vivid-green-cyan-background-color{background-color: var(--wp--preset--color--vivid-green-cyan) !important;}.has-pale-cyan-blue-background-color{background-color: var(--wp--preset--color--pale-cyan-blue) !important;}.has-vivid-cyan-blue-background-color{background-color: var(--wp--preset--color--vivid-cyan-blue) !important;}.has-vivid-purple-background-color{background-color: var(--wp--preset--color--vivid-purple) !important;}.has-black-border-color{border-color: var(--wp--preset--color--black) !important;}.has-cyan-bluish-gray-border-color{border-color: var(--wp--preset--color--cyan-bluish-gray) !important;}.has-white-border-color{border-color: var(--wp--preset--color--white) !important;}.has-pale-pink-border-color{border-color: var(--wp--preset--color--pale-pink) !important;}.has-vivid-red-border-color{border-color: var(--wp--preset--color--vivid-red) !important;}.has-luminous-vivid-orange-border-color{border-color: var(--wp--preset--color--luminous-vivid-orange) !important;}.has-luminous-vivid-amber-border-color{border-color: var(--wp--preset--color--luminous-vivid-amber) !important;}.has-light-green-cyan-border-color{border-color: var(--wp--preset--color--light-green-cyan) !important;}.has-vivid-green-cyan-border-color{border-color: var(--wp--preset--color--vivid-green-cyan) !important;}.has-pale-cyan-blue-border-color{border-color: var(--wp--preset--color--pale-cyan-blue) !important;}.has-vivid-cyan-blue-border-color{border-color: var(--wp--preset--color--vivid-cyan-blue) !important;}.has-vivid-purple-border-color{border-color: var(--wp--preset--color--vivid-purple) !important;}.has-vivid-cyan-blue-to-vivid-purple-gradient-background{background: var(--wp--preset--gradient--vivid-cyan-blue-to-vivid-purple) !important;}.has-light-green-cyan-to-vivid-green-cyan-gradient-background{background: var(--wp--preset--gradient--light-green-cyan-to-vivid-green-cyan) !important;}.has-luminous-vivid-amber-to-luminous-vivid-orange-gradient-background{background: var(--wp--preset--gradient--luminous-vivid-amber-to-luminous-vivid-orange) !important;}.has-luminous-vivid-orange-to-vivid-red-gradient-background{background: var(--wp--preset--gradient--luminous-vivid-orange-to-vivid-red) !important;}.has-very-light-gray-to-cyan-bluish-gray-gradient-background{background: var(--wp--preset--gradient--very-light-gray-to-cyan-bluish-gray) !important;}.has-cool-to-warm-spectrum-gradient-background{background: var(--wp--preset--gradient--cool-to-warm-spectrum) !important;}.has-blush-light-purple-gradient-background{background: var(--wp--preset--gradient--blush-light-purple) !important;}.has-blush-bordeaux-gradient-background{background: var(--wp--preset--gradient--blush-bordeaux) !important;}.has-luminous-dusk-gradient-background{background: var(--wp--preset--gradient--luminous-dusk) !important;}.has-pale-ocean-gradient-background{background: var(--wp--preset--gradient--pale-ocean) !important;}.has-electric-grass-gradient-background{background: var(--wp--preset--gradient--electric-grass) !important;}.has-midnight-gradient-background{background: var(--wp--preset--gradient--midnight) !important;}.has-small-font-size{font-size: var(--wp--preset--font-size--small) !important;}.has-medium-font-size{font-size: var(--wp--preset--font-size--medium) !important;}.has-large-font-size{font-size: var(--wp--preset--font-size--large) !important;}.has-x-large-font-size{font-size: var(--wp--preset--font-size--x-large) !important;}
:where(.wp-block-post-template.is-layout-flex){gap: 1.25em;}:where(.wp-block-post-template.is-layout-grid){gap: 1.25em;}
:where(.wp-block-columns.is-layout-flex){gap: 2em;}:where(.wp-block-columns.is-layout-grid){gap: 2em;}
:root :where(.wp-block-pullquote){font-size: 1.5em;line-height: 1.6;}
</style>
<link rel='stylesheet' id='es-select2-css' href='http://localhost:8092/wp-content/plugins/estatik/common/select2/select2.min.css?ver=4.3.4' media='all' />
<link rel='stylesheet' id='es-datetime-picker-css' href='http://localhost:8092/wp-content/plugins/estatik/includes/classes/framework/assets/css/jquery.datetimepicker.min.css' media='all' />
<link rel='stylesheet' id='partikulier-style-css' href='http://localhost:8092/wp-content/themes/partikulier/assets/css/style.css?ver=6.17.1' media='all' />
<script src="http://localhost:8092/wp-includes/js/jquery/jquery.min.js?ver=3.7.1" id="jquery-core-js"></script>
<script src="http://localhost:8092/wp-includes/js/jquery/jquery-migrate.min.js?ver=3.4.1" id="jquery-migrate-js"></script>
</head>

<body class="error404 wp-embed-responsive">

<a class="pk-skip-link" href="#main-content">Aller au contenu</a>

<!-- Topbar style Woo Shop -->
<div class="pk-topbar" role="banner-top">
	<div class="pk-container pk-topbar-inner">
		<span class="pk-topbar-promo">Annonces 100% gratuites — Publiez en 2 minutes sans commission</span>
		<div class="pk-topbar-contact">
			<a href="http://localhost:8092/fr/deposer-une-annonce/">Déposer une annonce</a>
			<a href="http://localhost:8092/annonces/">Toutes les annonces</a>
							<a href="http://localhost:8092/wp-login.php?redirect_to=http%3A%2F%2Flocalhost%3A8092%2Ffr%2Fmes-annonces%2F">Se connecter</a>
					</div>
	</div>
</div>

<header class="pk-site-header" id="site-header">
	<div class="pk-container pk-header-inner">
		<div class="pk-header-brand">
						<a class="pk-logo-text" href="http://localhost:8092/fr/" rel="home" aria-label="Partikulier Final, retour a l accueil">
				<span class="pk-logo-name">partikulier<span class="pk-logo-tld">.com</span></span>
			</a>
						</div>

		<div class="pk-header-search">
			<form class="pk-search-bar" action="http://localhost:8092/annonces/" method="get">
				<select name="es_type" aria-label="Type de bien">
					<option value="">Type de bien</option>
					<option value="appartement">Appartement</option><option value="appartements">Appartements</option><option value="condos">Condos</option><option value="loft">Loft</option><option value="maison">Maison</option><option value="maisons">Maisons</option><option value="maisons-de-ville">Maisons de ville</option><option value="multifamily">Multifamily</option><option value="studio">Studio</option><option value="terrain">Terrain</option><option value="terre">Terre</option>				</select>
				<input type="search" name="s" placeholder="Ville, code postal, quartier…" aria-label="Rechercher une ville">
				<button type="submit" aria-label="Rechercher">
					<svg xmlns="http://www.w3.org/2000/svg" viewBox="0 0 24 24" width="18" height="18" fill="none" stroke="currentColor" stroke-width="2.2" stroke-linecap="round" stroke-linejoin="round" aria-hidden="true"><circle cx="11" cy="11" r="7"/><path d="m20 20-3.5-3.5"/></svg>
				</button>
			</form>
		</div>

		<div class="pk-header-actions">
								<div class="pk-lang" data-pk-lang>
						<button type="button" class="pk-lang-toggle" aria-expanded="false" aria-haspopup="true" aria-label="Choisir la langue">
							<svg class="pk-flag" viewBox="0 0 24 16" aria-hidden="true" focusable="false"><path d="M0 0h8v16H0z" fill="#0055a4"/><path d="M8 0h8v16H8z" fill="#fff"/><path d="M16 0h8v16h-8z" fill="#ef4135"/></svg>							<span class="pk-lang-code">FR</span>
						</button>
						<ul class="pk-lang-menu" hidden>
															<li class="is-current">
									<a href="http://localhost:8092/fr/" lang="fr-FR" hreflang="fr-FR">
										<svg class="pk-flag" viewBox="0 0 24 16" aria-hidden="true" focusable="false"><path d="M0 0h8v16H0z" fill="#0055a4"/><path d="M8 0h8v16H8z" fill="#fff"/><path d="M16 0h8v16h-8z" fill="#ef4135"/></svg>										<span class="pk-lang-abbr">FR</span>
										<span class="pk-lang-name">Français</span>
									</a>
								</li>
															<li>
									<a href="http://localhost:8092/en/" lang="en-US" hreflang="en-US">
										<svg class="pk-flag" viewBox="0 0 24 16" aria-hidden="true" focusable="false"><rect width="24" height="16" rx="2" fill="#fff"/><path d="M0 1h24M0 4h24M0 7h24M0 10h24M0 13h24" stroke="#b22234" stroke-width="1.5"/><path d="M0 0h10v9H0z" fill="#3c3b6e"/><circle cx="2" cy="2" r=".35" fill="#fff"/><circle cx="5" cy="2" r=".35" fill="#fff"/><circle cx="8" cy="2" r=".35" fill="#fff"/><circle cx="3.5" cy="4.5" r=".35" fill="#fff"/><circle cx="6.5" cy="4.5" r=".35" fill="#fff"/><circle cx="2" cy="7" r=".35" fill="#fff"/><circle cx="5" cy="7" r=".35" fill="#fff"/><circle cx="8" cy="7" r=".35" fill="#fff"/></svg>										<span class="pk-lang-abbr">EN</span>
										<span class="pk-lang-name">English</span>
									</a>
								</li>
															<li>
									<a href="http://localhost:8092/ar/" lang="ar" hreflang="ar">
										<svg class="pk-flag" viewBox="0 0 24 16" aria-hidden="true" focusable="false"><rect width="24" height="16" rx="2" fill="#c1272d"/><path d="M12 3.7l1.1 3.4h3.6l-2.9 2.1 1.1 3.4-2.9-2.1-2.9 2.1 1.1-3.4-2.9-2.1h3.6z" fill="none" stroke="#006233" stroke-width=".8"/></svg>										<span class="pk-lang-abbr">AR</span>
										<span class="pk-lang-name">العربية</span>
									</a>
								</li>
													</ul>
					</div>
								<a class="pk-header-icon" href="http://localhost:8092/fr/favoris/" aria-label="Favoris">
				<svg xmlns="http://www.w3.org/2000/svg" viewBox="0 0 24 24" fill="none" stroke="currentColor" stroke-width="2" stroke-linecap="round" stroke-linejoin="round" aria-hidden="true"><path d="M20.84 4.61a5.5 5.5 0 0 0-7.78 0L12 5.67l-1.06-1.06a5.5 5.5 0 0 0-7.78 7.78l1.06 1.06L12 21.23l7.78-7.78 1.06-1.06a5.5 5.5 0 0 0 0-7.78z"/></svg>
			</a>
							<a class="pk-header-icon pk-header-cta pk-btn pk-btn-primary pk-btn-sm" href="http://localhost:8092/fr/deposer-une-annonce/">
					Déposer une annonce				</a>
						<button class="pk-nav-toggle" type="button" aria-expanded="false" aria-controls="pk-mobile-menu" aria-label="Ouvrir le menu">
				<span class="pk-nav-toggle-bar" aria-hidden="true"></span>
				<span class="pk-nav-toggle-bar" aria-hidden="true"></span>
				<span class="pk-nav-toggle-bar" aria-hidden="true"></span>
			</button>
		</div>
	</div>

	<nav class="pk-main-nav" aria-label="Menu principal">
		<div class="pk-container">
			<ul class="pk-menu"><li class="pk-menu-item"><a href="http://localhost:8092/fr/">Accueil</a></li><li class="pk-menu-item"><a href="http://localhost:8092/annonces/">Annonces</a></li><li class="pk-menu-item"><a href="http://localhost:8092/fr/deposer-une-annonce/">Déposer une annonce</a></li></ul>			</div>
		</nav>

		<div class="pk-mobile-menu" id="pk-mobile-menu" hidden>
			</div>
</header>

<main id="main-content" class="pk-main">
<section class="pk-archive">
	<div class="pk-container">
					<div class="pk-empty">
				<h2>Rien à afficher pour le moment.</h2>
				<a class="pk-btn pk-btn-outline" href="http://localhost:8092/fr/">
					Retour à l’accueil				</a>
			</div>
			</div>
</section>

</main>

<footer class="pk-site-footer" role="contentinfo">
	<div class="pk-footer-top">
		<div class="pk-footer-col">
				<h3 class="pk-footer-title">À propos</h3>
			<p class="pk-footer-about">Portail immobilier 100% gratuit entre particuliers. Publiez votre annonce sans commission ni intermédiaire.</p>
			<div class="pk-footer-socials">
				<a href="#" aria-label="Facebook"><svg xmlns="http://www.w3.org/2000/svg" viewBox="0 0 24 24" fill="none" stroke="currentColor" stroke-width="2" stroke-linecap="round" stroke-linejoin="round" aria-hidden="true"><path d="M18 2h-3a5 5 0 0 0-5 5v3H7v4h3v8h4v-8h3l1-4h-4V7a1 1 0 0 1 1-1h3z"/></svg></a>
				<a href="#" aria-label="Instagram"><svg xmlns="http://www.w3.org/2000/svg" viewBox="0 0 24 24" fill="none" stroke="currentColor" stroke-width="2" stroke-linecap="round" stroke-linejoin="round" aria-hidden="true"><rect x="2" y="2" width="20" height="20" rx="5"/><path d="M16 11.37A4 4 0 1 1 12.63 8 4 4 0 0 1 16 11.37z"/><line x1="17.5" y1="6.5" x2="17.51" y2="6.5"/></svg></a>
				<a href="#" aria-label="X (Twitter)"><svg xmlns="http://www.w3.org/2000/svg" viewBox="0 0 24 24" fill="none" stroke="currentColor" stroke-width="2" stroke-linecap="round" stroke-linejoin="round" aria-hidden="true"><path d="M4 4l7.07 9.17L4 20h2.5l6.07-6.07L17.5 20H20l-7.4-9.61L19.5 4H17l-5.6 5.76L6.5 4z"/></svg></a>
				<a href="#" aria-label="YouTube"><svg xmlns="http://www.w3.org/2000/svg" viewBox="0 0 24 24" fill="none" stroke="currentColor" stroke-width="2" stroke-linecap="round" stroke-linejoin="round" aria-hidden="true"><path d="M22.54 6.42a2.78 2.78 0 0 0-1.94-2C18.88 4 12 4 12 4s-6.88 0-8.6.46a2.78 2.78 0 0 0-1.94 2A29 29 0 0 0 1 11.75a29 29 0 0 0 .46 5.33A2.78 2.78 0 0 0 3.4 19c1.72.46 8.6.46 8.6.46s6.88 0 8.6-.46a2.78 2.78 0 0 0 1.94-2 29 29 0 0 0 .46-5.25 29 29 0 0 0-.46-5.33z"/><polygon points="9.75 15.02 15.5 11.75 9.75 8.48 9.75 15.02"/></svg></a>
			</div>
		</div>

		<div class="pk-footer-col">
				<h3 class="pk-footer-title">Aide</h3>
			<ul class="pk-footer-links">
<li><a href="http://localhost:8092/fr/deposer-une-annonce/">Déposer une annonce</a></li>
					<li><a href="http://localhost:8092/annonces/">Toutes les annonces</a></li>
					<li><a href="http://localhost:8092/fr/faq/">Questions fréquentes</a></li>
					<li><a href="http://localhost:8092/fr/contact/">Contactez-nous</a></li>
			</ul>
		</div>

		<div class="pk-footer-col">
								<h3 class="pk-footer-title">Types de biens</h3>
				<ul class="pk-footer-links">
											<li><a href="http://localhost:8092/fr/property-type/appartement/">Appartement</a></li>
											<li><a href="http://localhost:8092/fr/property-type/loft/">Loft</a></li>
											<li><a href="http://localhost:8092/fr/property-type/maison/">Maison</a></li>
											<li><a href="http://localhost:8092/fr/property-type/studio/">Studio</a></li>
									</ul>
					</div>

		<div class="pk-footer-col">
				<h3 class="pk-footer-title">Contact</h3>
			<div class="pk-footer-contact">
				<p><a href="mailto:admin@example.com">admin@example.com</a></p>				<p>Maroc</p>
				<p>Rabat, Casablanca, Marrakech, Tanger, Agadir</p>			</div>
		</div>
	</div>

	<div class="pk-footer-bottom">
		<div class="pk-container pk-footer-bottom-inner">
				<p class="pk-copyright">&copy; 2026 Partikulier Final. Tous droits réservés.</p>
			<nav class="pk-footer-legal" aria-label="Mentions légales">
							</nav>
		</div>
	</div>
</footer>

<div class="es-magnific-popup es-authentication-popup mfp-hide" id="es-authentication-popup">
    <div class="es-auth js-es-auth content-font">
                    <div class="es-auth__item es-auth__login-buttons ">
	        <h3 class="heading-font">Connexion ou Inscription
</h3>
	
	        <p>pour enregistrer vos maisons préférées et plus encore</p>
	
							        <a href="#" data-auth-item="login-form" class="js-es-auth-item__switcher es-btn es-btn--default es-btn--auth ">
			Connectez-vous avec e-mail
        </a>
	
	        <p class="sign-in-text">Vous n'avez pas de compte ? <a href="#" data-auth-item="buyer-register-buttons" class="js-es-auth-item__switcher">S'inscrire</a></p>
	
    <div class="es-space"></div>
</div>
        <div class="es-auth__item js-es-auth__login-form es-auth__login-form es-auth__item--hidden">
	        <h3 class="heading-font">Connexion ou Inscription
</h3>
	
	        <p>pour enregistrer vos maisons préférées et plus encore</p>
	
    <div class="all-login-back">
        <a href="#" data-auth-item="login-buttons" class="js-es-auth-item__switcher">
            <span class="es-icon es-icon_chevron-left"></span>Toutes les options de connexion        </a>
    </div>

    <form action="" method="POST">
		
                               <div class='es-field es-field__es_user_login es-field--text '>
                                   <label for='es_user_login-6a89c06975cd6'><span class='es-field__label'>Email</span><input id="es_user_login-6a89c06975cd6" name="es_user_login" class="es-field__input" required="required" autocomplete="username" type="text" value="" /></label>
                               </div>
                           
                                   <div class='es-field es-field__es_user_password es-field--password '>
                                       <label for='es_user_password-6a89c06975d1b'><span class='es-field__label'>Mot de passe</span><div class='es-input__wrap'><input id="es_user_password-6a89c06975d1b" name="es_user_password" class="es-field__input" required="required" autocomplete="current-password" type="password" value="" /><a href='#' aria-label='Show or Hide password' class='es-toggle-pwd js-es-toggle-pwd'><span class='es-icon es-icon_eye'></span></a></div></label>
                                   </div>
                                       <div class="forgot-pwd">
            <a href="#" data-auth-item="reset-form" class="js-es-auth-item__switcher">Mot de passe oublié?
</a>
        </div>

		<input id="is_popup-6a89c06975d3f" name="is_popup" class="es-field__input" type="hidden" value="1" />        <input type="hidden" name="uniqid" value="6a89c06975d51"/>
		<input type="hidden" id="es_auth_nonce_6a89c06975d51" name="es_auth_nonce_6a89c06975d51" value="891bbfc82a" /><input type="hidden" name="_wp_http_referer" value="/partikulier/v1/automation-event" />	            <button type="submit" class="es-btn es-btn--primary js-es-btn--login es-btn--login" disabled>Connexion
</button>
    </form>

	        <p class="sign-in-text">Vous n'avez pas de compte ? <a href="#" class="js-es-auth-item__switcher" data-auth-item="buyer-register-buttons">S'inscrire</a></p>
	    <div class="es-space"></div>
</div>
        <div class="es-auth__item es-auth__reset-form es-auth__item--hidden">
    <h3 class="heading-font">Reset password</h3>
    <p>Entrez votre adresse e-mail et nous vous enverrons un lien pour changer votre mot de passe.</p>

    <form action="" method="POST">
		<input id="is_popup-6a89c06975dd1" name="is_popup" class="es-field__input" type="hidden" value="1" />
        <input type="hidden" name="uniqid" value="6a89c06975de1"/>

					
                               <div class='es-field es-field__es_user_email es-field--email '>
                                   <label for='es_user_email-6a89c06975de5'><span class='es-field__label'>Email</span><input id="es_user_email-6a89c06975de5" name="es_user_email" class="es-field__input" required="required" autocomplete="username" type="email" value="" /></label>
                               </div>
                           			<input type="hidden" id="es_retrieve_pwd_nonce_6a89c06975de1" name="es_retrieve_pwd_nonce_6a89c06975de1" value="8027b065e9" /><input type="hidden" name="_wp_http_referer" value="/partikulier/v1/automation-event" />			            <button type="submit" class="es-btn es-btn--primary es-btn--reset">Envoyer le lien de réinitialisation</button>
		
        <div><a href="#" data-auth-item="login-buttons" class="js-es-auth-item__switcher login-back"><span class="es-icon es-icon_chevron-left"></span>Retour à la connexion</a></div>
    </form>
    <div class="es-space"></div>
</div>
	                <div class="es-auth__item es-auth__buyer-register-buttons es-auth__item--hidden">
	        <h3 class="heading-font">Commencez avec votre compte
</h3>
	
	        <p>pour enregistrer vos maisons préférées et plus encore</p>
	
							        <a href="#" data-auth-item="buyer-register-form" class="js-es-auth-item__switcher es-btn es-btn--default es-btn--auth ">Inscrivez-vous avec l'adresse e-mail</a>
	
    <p class="sign-in-text">Vous avez déjà un compte? <a href="#" data-auth-item="login-buttons" class="js-es-auth-item__switcher">S'identifier</a></p>
    <div class="es-space"></div>
</div>
            <div class="es-auth__item es-auth__buyer-register-form es-auth__item--hidden">
	        <h3 class="heading-font">Commencez avec votre compte
</h3>
	
	        <p>pour enregistrer vos maisons préférées et plus encore</p>
	
    <div class="all-login-back">
        <a href="#" class="js-es-auth-item__switcher" data-auth-item="buyer-register-buttons">
            <span class="es-icon es-icon_chevron-left"></span>Toutes les options d'inscription        </a>
    </div>

    <form action="" method="POST">
		        <input type="hidden" name="uniqid" value="6a89c06975e65"/>
        <input type="hidden" id="es_register_nonce_6a89c06975e65" name="es_register_nonce_6a89c06975e65" value="f2f73c2f84" /><input type="hidden" name="_wp_http_referer" value="/partikulier/v1/automation-event" /><input id="redirect_url-6a89c06975e74" name="redirect_url" class="es-field__input" type="hidden" /><input id="es_type-6a89c06975e83" name="es_type" class="es-field__input" type="hidden" value="buyer" /><input id="is_popup-6a89c06975e91" name="is_popup" class="es-field__input" type="hidden" value="1" />
                               <div class='es-field es-field__es_extra_info es-field--text '>
                                   <label for='es_extra_info-6a89c06975e9b'><input id="es_extra_info-6a89c06975e9b" name="es_extra_info" class="es-field__input" type="text" value="" /></label>
                               </div>
                           
                               <div class='es-field es-field__es_user_email es-field--email '>
                                   <label for='es_user_email-6a89c06975eb1'><span class='es-field__label'>Email</span><input id="es_user_email-6a89c06975eb1" name="es_user_email" class="es-field__input" required="required" autocomplete="username" type="email" value="" /><p class='es-field__description'>Vous l'utiliserez pour vous connecter et nous l'utiliserons pour vous contacter.</p></label>
                               </div>
                           
                                   <div class='es-field es-field__es_user_password es-field--password '>
                                       <label for='es_user_password-6a89c06975ecb'><span class='es-field__label'>Mot de passe</span><div class='es-input__wrap'><input id="es_user_password-6a89c06975ecb" name="es_user_password" class="js-es-password-field es-field__input" required="required" minlength="8" autocomplete="new-password" type="password" value="" /><a href='#' aria-label='Show or Hide password' class='es-toggle-pwd js-es-toggle-pwd'><span class='es-icon es-icon_eye'></span></a></div><p class='es-field__description'><ul class='es-field__validate-list'>
                                <li class='es-validate-item es-validate-item__contain'>Ne peut pas contenir le nom ou l'adresse e-mail</li>
                                <li class='es-validate-item es-validate-item__length'>Au moins 8 caractères</li>
                                <li class='es-validate-item es-validate-item__char'>Contient un chiffre ou un symbole</li>
                            </ul></p></label>
                                   </div>
                               
	    
        <button type="submit" disabled class="es-btn es-btn--primary es-btn--signup">S'inscrire</button>
		<div class='es-privacy-policy-container'><div class='es-terms-text'>By clicking the «S'INSCRIRE» button you agree to the Conditions d'utilisation and Politique de confidentialité</div></div>        <p class="sign-in-text">Vous avez déjà un compte? <a href="#" class="js-es-auth-item__switcher" data-auth-item="login-buttons">S'identifier</a></p>
    </form>
    <div class="es-space"></div>
</div>
            
    <div class='es-powered content-font'>Powered by <a target='_blank' href='https://estatik.net'>Estatik</a></div></div>
</div>
<script id="partikulier-main-js-extra">
var pkConfig = {"ajaxUrl":"http:\/\/localhost:8092\/wp-admin\/admin-ajax.php","nonce":"7971bb389d","manageNonce":"","homeUrl":"http:\/\/localhost:8092\/fr\/","placesNonce":"afb07b6462","submitNonce":"8b48d281ee","language":"fr","i18n":{"publishing":"Publication en cours\u2026","serverError":"Erreur serveur","saved":"Annonce enregistr\u00e9e !","retry":"r\u00e9essayez ou contactez-nous.","whatsappTitle":"Une derni\u00e8re \u00e9tape : WhatsApp","whatsappIntro":"Votre annonce est enregistr\u00e9e, mais reste invisible tant que l\u2019\u00e9quipe n\u2019a pas rapproch\u00e9 votre message WhatsApp.","whatsappCode":"Code de validation :","whatsappOpen":"Ouvrir WhatsApp et envoyer le message","whatsappNote":"Conservez ce code. L\u2019annonce sera publi\u00e9e seulement apr\u00e8s v\u00e9rification manuelle du message par l\u2019\u00e9quipe Partikulier.","photoError":"photo(s) n'ont pas pu \u00eatre ajout\u00e9es :","photoHint":"Vous pourrez les ajouter depuis \u00ab Mes annonces \u00bb apr\u00e8s validation."}};
</script>
<script src="http://localhost:8092/wp-content/themes/partikulier/assets/js/main.js?ver=6.17.1" id="partikulier-main-js" defer data-wp-strategy="defer"></script>
</body>
</html>
  P2: <!doctype html>
<html lang="fr-FR">
<head>
<meta charset="UTF-8">
<meta name="viewport" content="width=device-width, initial-scale=1">
<meta name="theme-color" content="#111111">
<link rel="profile" href="https://gmpg.org/xfn/11">
<title>Page non trouvée &#8211; Partikulier Final</title>
<meta name='robots' content='max-image-preview:large' />
<link rel="canonical" href="http://localhost:8092/partikulier/v1/automation-event">
<meta name="robots" content="noindex,follow">
<meta property="og:url" content="http://localhost:8092/partikulier/v1/automation-event">
<meta property="og:site_name" content="Partikulier Final">
<meta property="og:locale" content="fr_FR">
<meta name="generator" content="WordPress 6.6.1">
<meta property="og:type" content="website">
<meta property="og:title" content="Page non trouvée &#8211; Partikulier Final">
<meta name="twitter:card" content="summary">
<link rel="alternate" type="application/rss+xml" title="Partikulier Final &raquo; Flux" href="http://localhost:8092/fr/feed/" />
<link rel="alternate" type="application/rss+xml" title="Partikulier Final &raquo; Flux des commentaires" href="http://localhost:8092/fr/comments/feed/" />
<link rel="preload" href="http://localhost:8092/wp-content/themes/partikulier/assets/fonts/dm-sans-latin.woff2" as="font" type="font/woff2" crossorigin fetchpriority="high">

<script type="application/ld+json">{"@context":"https://schema.org","@graph":[{"@type":"WebSite","@id":"http://localhost:8092/fr/#website","url":"http://localhost:8092/fr/","name":"Partikulier Final","description":"","inLanguage":"fr_FR","potentialAction":{"@type":"SearchAction","target":{"@type":"EntryPoint","urlTemplate":"http://localhost:8092/fr/?s={search_term_string}&post_type=properties"},"query-input":"required name=search_term_string"}},{"@type":"BreadcrumbList","itemListElement":[{"@type":"ListItem","position":1,"name":"Partikulier Final","item":"http://localhost:8092/fr/"}]}]}</script>
<link rel='stylesheet' id='wp-block-library-css' href='http://localhost:8092/wp-includes/css/dist/block-library/style.min.css?ver=6.6.1' media='all' />
<style id='wp-block-library-theme-inline-css'>
.wp-block-audio :where(figcaption){color:#555;font-size:13px;text-align:center}.is-dark-theme .wp-block-audio :where(figcaption){color:#ffffffa6}.wp-block-audio{margin:0 0 1em}.wp-block-code{border:1px solid #ccc;border-radius:4px;font-family:Menlo,Consolas,monaco,monospace;padding:.8em 1em}.wp-block-embed :where(figcaption){color:#555;font-size:13px;text-align:center}.is-dark-theme .wp-block-embed :where(figcaption){color:#ffffffa6}.wp-block-embed{margin:0 0 1em}.blocks-gallery-caption{color:#555;font-size:13px;text-align:center}.is-dark-theme .blocks-gallery-caption{color:#ffffffa6}:root :where(.wp-block-image figcaption){color:#555;font-size:13px;text-align:center}.is-dark-theme :root :where(.wp-block-image figcaption){color:#ffffffa6}.wp-block-image{margin:0 0 1em}.wp-block-pullquote{border-bottom:4px solid;border-top:4px solid;color:currentColor;margin-bottom:1.75em}.wp-block-pullquote cite,.wp-block-pullquote footer,.wp-block-pullquote__citation{color:currentColor;font-size:.8125em;font-style:normal;text-transform:uppercase}.wp-block-quote{border-left:.25em solid;margin:0 0 1.75em;padding-left:1em}.wp-block-quote cite,.wp-block-quote footer{color:currentColor;font-size:.8125em;font-style:normal;position:relative}.wp-block-quote.has-text-align-right{border-left:none;border-right:.25em solid;padding-left:0;padding-right:1em}.wp-block-quote.has-text-align-center{border:none;padding-left:0}.wp-block-quote.is-large,.wp-block-quote.is-style-large,.wp-block-quote.is-style-plain{border:none}.wp-block-search .wp-block-search__label{font-weight:700}.wp-block-search__button{border:1px solid #ccc;padding:.375em .625em}:where(.wp-block-group.has-background){padding:1.25em 2.375em}.wp-block-separator.has-css-opacity{opacity:.4}.wp-block-separator{border:none;border-bottom:2px solid;margin-left:auto;margin-right:auto}.wp-block-separator.has-alpha-channel-opacity{opacity:1}.wp-block-separator:not(.is-style-wide):not(.is-style-dots){width:100px}.wp-block-separator.has-background:not(.is-style-dots){border-bottom:none;height:1px}.wp-block-separator.has-background:not(.is-style-wide):not(.is-style-dots){height:2px}.wp-block-table{margin:0 0 1em}.wp-block-table td,.wp-block-table th{word-break:normal}.wp-block-table :where(figcaption){color:#555;font-size:13px;text-align:center}.is-dark-theme .wp-block-table :where(figcaption){color:#ffffffa6}.wp-block-video :where(figcaption){color:#555;font-size:13px;text-align:center}.is-dark-theme .wp-block-video :where(figcaption){color:#ffffffa6}.wp-block-video{margin:0 0 1em}:root :where(.wp-block-template-part.has-background){margin-bottom:0;margin-top:0;padding:1.25em 2.375em}
</style>
<style id='classic-theme-styles-inline-css'>
/*! This file is auto-generated */
.wp-block-button__link{color:#fff;background-color:#32373c;border-radius:9999px;box-shadow:none;text-decoration:none;padding:calc(.667em + 2px) calc(1.333em + 2px);font-size:1.125em}.wp-block-file__button{background:#32373c;color:#fff;text-decoration:none}
</style>
<style id='global-styles-inline-css'>
:root{--wp--preset--aspect-ratio--square: 1;--wp--preset--aspect-ratio--4-3: 4/3;--wp--preset--aspect-ratio--3-4: 3/4;--wp--preset--aspect-ratio--3-2: 3/2;--wp--preset--aspect-ratio--2-3: 2/3;--wp--preset--aspect-ratio--16-9: 16/9;--wp--preset--aspect-ratio--9-16: 9/16;--wp--preset--color--black: #000000;--wp--preset--color--cyan-bluish-gray: #abb8c3;--wp--preset--color--white: #ffffff;--wp--preset--color--pale-pink: #f78da7;--wp--preset--color--vivid-red: #cf2e2e;--wp--preset--color--luminous-vivid-orange: #ff6900;--wp--preset--color--luminous-vivid-amber: #fcb900;--wp--preset--color--light-green-cyan: #7bdcb5;--wp--preset--color--vivid-green-cyan: #00d084;--wp--preset--color--pale-cyan-blue: #8ed1fc;--wp--preset--color--vivid-cyan-blue: #0693e3;--wp--preset--color--vivid-purple: #9b51e0;--wp--preset--gradient--vivid-cyan-blue-to-vivid-purple: linear-gradient(135deg,rgba(6,147,227,1) 0%,rgb(155,81,224) 100%);--wp--preset--gradient--light-green-cyan-to-vivid-green-cyan: linear-gradient(135deg,rgb(122,220,180) 0%,rgb(0,208,130) 100%);--wp--preset--gradient--luminous-vivid-amber-to-luminous-vivid-orange: linear-gradient(135deg,rgba(252,185,0,1) 0%,rgba(255,105,0,1) 100%);--wp--preset--gradient--luminous-vivid-orange-to-vivid-red: linear-gradient(135deg,rgba(255,105,0,1) 0%,rgb(207,46,46) 100%);--wp--preset--gradient--very-light-gray-to-cyan-bluish-gray: linear-gradient(135deg,rgb(238,238,238) 0%,rgb(169,184,195) 100%);--wp--preset--gradient--cool-to-warm-spectrum: linear-gradient(135deg,rgb(74,234,220) 0%,rgb(151,120,209) 20%,rgb(207,42,186) 40%,rgb(238,44,130) 60%,rgb(251,105,98) 80%,rgb(254,248,76) 100%);--wp--preset--gradient--blush-light-purple: linear-gradient(135deg,rgb(255,206,236) 0%,rgb(152,150,240) 100%);--wp--preset--gradient--blush-bordeaux: linear-gradient(135deg,rgb(254,205,165) 0%,rgb(254,45,45) 50%,rgb(107,0,62) 100%);--wp--preset--gradient--luminous-dusk: linear-gradient(135deg,rgb(255,203,112) 0%,rgb(199,81,192) 50%,rgb(65,88,208) 100%);--wp--preset--gradient--pale-ocean: linear-gradient(135deg,rgb(255,245,203) 0%,rgb(182,227,212) 50%,rgb(51,167,181) 100%);--wp--preset--gradient--electric-grass: linear-gradient(135deg,rgb(202,248,128) 0%,rgb(113,206,126) 100%);--wp--preset--gradient--midnight: linear-gradient(135deg,rgb(2,3,129) 0%,rgb(40,116,252) 100%);--wp--preset--font-size--small: 13px;--wp--preset--font-size--medium: 20px;--wp--preset--font-size--large: 36px;--wp--preset--font-size--x-large: 42px;--wp--preset--spacing--20: 0.44rem;--wp--preset--spacing--30: 0.67rem;--wp--preset--spacing--40: 1rem;--wp--preset--spacing--50: 1.5rem;--wp--preset--spacing--60: 2.25rem;--wp--preset--spacing--70: 3.38rem;--wp--preset--spacing--80: 5.06rem;--wp--preset--shadow--natural: 6px 6px 9px rgba(0, 0, 0, 0.2);--wp--preset--shadow--deep: 12px 12px 50px rgba(0, 0, 0, 0.4);--wp--preset--shadow--sharp: 6px 6px 0px rgba(0, 0, 0, 0.2);--wp--preset--shadow--outlined: 6px 6px 0px -3px rgba(255, 255, 255, 1), 6px 6px rgba(0, 0, 0, 1);--wp--preset--shadow--crisp: 6px 6px 0px rgba(0, 0, 0, 1);}:where(.is-layout-flex){gap: 0.5em;}:where(.is-layout-grid){gap: 0.5em;}body .is-layout-flex{display: flex;}.is-layout-flex{flex-wrap: wrap;align-items: center;}.is-layout-flex > :is(*, div){margin: 0;}body .is-layout-grid{display: grid;}.is-layout-grid > :is(*, div){margin: 0;}:where(.wp-block-columns.is-layout-flex){gap: 2em;}:where(.wp-block-columns.is-layout-grid){gap: 2em;}:where(.wp-block-post-template.is-layout-flex){gap: 1.25em;}:where(.wp-block-post-template.is-layout-grid){gap: 1.25em;}.has-black-color{color: var(--wp--preset--color--black) !important;}.has-cyan-bluish-gray-color{color: var(--wp--preset--color--cyan-bluish-gray) !important;}.has-white-color{color: var(--wp--preset--color--white) !important;}.has-pale-pink-color{color: var(--wp--preset--color--pale-pink) !important;}.has-vivid-red-color{color: var(--wp--preset--color--vivid-red) !important;}.has-luminous-vivid-orange-color{color: var(--wp--preset--color--luminous-vivid-orange) !important;}.has-luminous-vivid-amber-color{color: var(--wp--preset--color--luminous-vivid-amber) !important;}.has-light-green-cyan-color{color: var(--wp--preset--color--light-green-cyan) !important;}.has-vivid-green-cyan-color{color: var(--wp--preset--color--vivid-green-cyan) !important;}.has-pale-cyan-blue-color{color: var(--wp--preset--color--pale-cyan-blue) !important;}.has-vivid-cyan-blue-color{color: var(--wp--preset--color--vivid-cyan-blue) !important;}.has-vivid-purple-color{color: var(--wp--preset--color--vivid-purple) !important;}.has-black-background-color{background-color: var(--wp--preset--color--black) !important;}.has-cyan-bluish-gray-background-color{background-color: var(--wp--preset--color--cyan-bluish-gray) !important;}.has-white-background-color{background-color: var(--wp--preset--color--white) !important;}.has-pale-pink-background-color{background-color: var(--wp--preset--color--pale-pink) !important;}.has-vivid-red-background-color{background-color: var(--wp--preset--color--vivid-red) !important;}.has-luminous-vivid-orange-background-color{background-color: var(--wp--preset--color--luminous-vivid-orange) !important;}.has-luminous-vivid-amber-background-color{background-color: var(--wp--preset--color--luminous-vivid-amber) !important;}.has-light-green-cyan-background-color{background-color: var(--wp--preset--color--light-green-cyan) !important;}.has-vivid-green-cyan-background-color{background-color: var(--wp--preset--color--vivid-green-cyan) !important;}.has-pale-cyan-blue-background-color{background-color: var(--wp--preset--color--pale-cyan-blue) !important;}.has-vivid-cyan-blue-background-color{background-color: var(--wp--preset--color--vivid-cyan-blue) !important;}.has-vivid-purple-background-color{background-color: var(--wp--preset--color--vivid-purple) !important;}.has-black-border-color{border-color: var(--wp--preset--color--black) !important;}.has-cyan-bluish-gray-border-color{border-color: var(--wp--preset--color--cyan-bluish-gray) !important;}.has-white-border-color{border-color: var(--wp--preset--color--white) !important;}.has-pale-pink-border-color{border-color: var(--wp--preset--color--pale-pink) !important;}.has-vivid-red-border-color{border-color: var(--wp--preset--color--vivid-red) !important;}.has-luminous-vivid-orange-border-color{border-color: var(--wp--preset--color--luminous-vivid-orange) !important;}.has-luminous-vivid-amber-border-color{border-color: var(--wp--preset--color--luminous-vivid-amber) !important;}.has-light-green-cyan-border-color{border-color: var(--wp--preset--color--light-green-cyan) !important;}.has-vivid-green-cyan-border-color{border-color: var(--wp--preset--color--vivid-green-cyan) !important;}.has-pale-cyan-blue-border-color{border-color: var(--wp--preset--color--pale-cyan-blue) !important;}.has-vivid-cyan-blue-border-color{border-color: var(--wp--preset--color--vivid-cyan-blue) !important;}.has-vivid-purple-border-color{border-color: var(--wp--preset--color--vivid-purple) !important;}.has-vivid-cyan-blue-to-vivid-purple-gradient-background{background: var(--wp--preset--gradient--vivid-cyan-blue-to-vivid-purple) !important;}.has-light-green-cyan-to-vivid-green-cyan-gradient-background{background: var(--wp--preset--gradient--light-green-cyan-to-vivid-green-cyan) !important;}.has-luminous-vivid-amber-to-luminous-vivid-orange-gradient-background{background: var(--wp--preset--gradient--luminous-vivid-amber-to-luminous-vivid-orange) !important;}.has-luminous-vivid-orange-to-vivid-red-gradient-background{background: var(--wp--preset--gradient--luminous-vivid-orange-to-vivid-red) !important;}.has-very-light-gray-to-cyan-bluish-gray-gradient-background{background: var(--wp--preset--gradient--very-light-gray-to-cyan-bluish-gray) !important;}.has-cool-to-warm-spectrum-gradient-background{background: var(--wp--preset--gradient--cool-to-warm-spectrum) !important;}.has-blush-light-purple-gradient-background{background: var(--wp--preset--gradient--blush-light-purple) !important;}.has-blush-bordeaux-gradient-background{background: var(--wp--preset--gradient--blush-bordeaux) !important;}.has-luminous-dusk-gradient-background{background: var(--wp--preset--gradient--luminous-dusk) !important;}.has-pale-ocean-gradient-background{background: var(--wp--preset--gradient--pale-ocean) !important;}.has-electric-grass-gradient-background{background: var(--wp--preset--gradient--electric-grass) !important;}.has-midnight-gradient-background{background: var(--wp--preset--gradient--midnight) !important;}.has-small-font-size{font-size: var(--wp--preset--font-size--small) !important;}.has-medium-font-size{font-size: var(--wp--preset--font-size--medium) !important;}.has-large-font-size{font-size: var(--wp--preset--font-size--large) !important;}.has-x-large-font-size{font-size: var(--wp--preset--font-size--x-large) !important;}
:where(.wp-block-post-template.is-layout-flex){gap: 1.25em;}:where(.wp-block-post-template.is-layout-grid){gap: 1.25em;}
:where(.wp-block-columns.is-layout-flex){gap: 2em;}:where(.wp-block-columns.is-layout-grid){gap: 2em;}
:root :where(.wp-block-pullquote){font-size: 1.5em;line-height: 1.6;}
</style>
<link rel='stylesheet' id='es-select2-css' href='http://localhost:8092/wp-content/plugins/estatik/common/select2/select2.min.css?ver=4.3.4' media='all' />
<link rel='stylesheet' id='es-datetime-picker-css' href='http://localhost:8092/wp-content/plugins/estatik/includes/classes/framework/assets/css/jquery.datetimepicker.min.css' media='all' />
<link rel='stylesheet' id='partikulier-style-css' href='http://localhost:8092/wp-content/themes/partikulier/assets/css/style.css?ver=6.17.1' media='all' />
<script src="http://localhost:8092/wp-includes/js/jquery/jquery.min.js?ver=3.7.1" id="jquery-core-js"></script>
<script src="http://localhost:8092/wp-includes/js/jquery/jquery-migrate.min.js?ver=3.4.1" id="jquery-migrate-js"></script>
</head>

<body class="error404 wp-embed-responsive">

<a class="pk-skip-link" href="#main-content">Aller au contenu</a>

<!-- Topbar style Woo Shop -->
<div class="pk-topbar" role="banner-top">
	<div class="pk-container pk-topbar-inner">
		<span class="pk-topbar-promo">Annonces 100% gratuites — Publiez en 2 minutes sans commission</span>
		<div class="pk-topbar-contact">
			<a href="http://localhost:8092/fr/deposer-une-annonce/">Déposer une annonce</a>
			<a href="http://localhost:8092/annonces/">Toutes les annonces</a>
							<a href="http://localhost:8092/wp-login.php?redirect_to=http%3A%2F%2Flocalhost%3A8092%2Ffr%2Fmes-annonces%2F">Se connecter</a>
					</div>
	</div>
</div>

<header class="pk-site-header" id="site-header">
	<div class="pk-container pk-header-inner">
		<div class="pk-header-brand">
						<a class="pk-logo-text" href="http://localhost:8092/fr/" rel="home" aria-label="Partikulier Final, retour a l accueil">
				<span class="pk-logo-name">partikulier<span class="pk-logo-tld">.com</span></span>
			</a>
						</div>

		<div class="pk-header-search">
			<form class="pk-search-bar" action="http://localhost:8092/annonces/" method="get">
				<select name="es_type" aria-label="Type de bien">
					<option value="">Type de bien</option>
					<option value="appartement">Appartement</option><option value="appartements">Appartements</option><option value="condos">Condos</option><option value="loft">Loft</option><option value="maison">Maison</option><option value="maisons">Maisons</option><option value="maisons-de-ville">Maisons de ville</option><option value="multifamily">Multifamily</option><option value="studio">Studio</option><option value="terrain">Terrain</option><option value="terre">Terre</option>				</select>
				<input type="search" name="s" placeholder="Ville, code postal, quartier…" aria-label="Rechercher une ville">
				<button type="submit" aria-label="Rechercher">
					<svg xmlns="http://www.w3.org/2000/svg" viewBox="0 0 24 24" width="18" height="18" fill="none" stroke="currentColor" stroke-width="2.2" stroke-linecap="round" stroke-linejoin="round" aria-hidden="true"><circle cx="11" cy="11" r="7"/><path d="m20 20-3.5-3.5"/></svg>
				</button>
			</form>
		</div>

		<div class="pk-header-actions">
								<div class="pk-lang" data-pk-lang>
						<button type="button" class="pk-lang-toggle" aria-expanded="false" aria-haspopup="true" aria-label="Choisir la langue">
							<svg class="pk-flag" viewBox="0 0 24 16" aria-hidden="true" focusable="false"><path d="M0 0h8v16H0z" fill="#0055a4"/><path d="M8 0h8v16H8z" fill="#fff"/><path d="M16 0h8v16h-8z" fill="#ef4135"/></svg>							<span class="pk-lang-code">FR</span>
						</button>
						<ul class="pk-lang-menu" hidden>
															<li class="is-current">
									<a href="http://localhost:8092/fr/" lang="fr-FR" hreflang="fr-FR">
										<svg class="pk-flag" viewBox="0 0 24 16" aria-hidden="true" focusable="false"><path d="M0 0h8v16H0z" fill="#0055a4"/><path d="M8 0h8v16H8z" fill="#fff"/><path d="M16 0h8v16h-8z" fill="#ef4135"/></svg>										<span class="pk-lang-abbr">FR</span>
										<span class="pk-lang-name">Français</span>
									</a>
								</li>
															<li>
									<a href="http://localhost:8092/en/" lang="en-US" hreflang="en-US">
										<svg class="pk-flag" viewBox="0 0 24 16" aria-hidden="true" focusable="false"><rect width="24" height="16" rx="2" fill="#fff"/><path d="M0 1h24M0 4h24M0 7h24M0 10h24M0 13h24" stroke="#b22234" stroke-width="1.5"/><path d="M0 0h10v9H0z" fill="#3c3b6e"/><circle cx="2" cy="2" r=".35" fill="#fff"/><circle cx="5" cy="2" r=".35" fill="#fff"/><circle cx="8" cy="2" r=".35" fill="#fff"/><circle cx="3.5" cy="4.5" r=".35" fill="#fff"/><circle cx="6.5" cy="4.5" r=".35" fill="#fff"/><circle cx="2" cy="7" r=".35" fill="#fff"/><circle cx="5" cy="7" r=".35" fill="#fff"/><circle cx="8" cy="7" r=".35" fill="#fff"/></svg>										<span class="pk-lang-abbr">EN</span>
										<span class="pk-lang-name">English</span>
									</a>
								</li>
															<li>
									<a href="http://localhost:8092/ar/" lang="ar" hreflang="ar">
										<svg class="pk-flag" viewBox="0 0 24 16" aria-hidden="true" focusable="false"><rect width="24" height="16" rx="2" fill="#c1272d"/><path d="M12 3.7l1.1 3.4h3.6l-2.9 2.1 1.1 3.4-2.9-2.1-2.9 2.1 1.1-3.4-2.9-2.1h3.6z" fill="none" stroke="#006233" stroke-width=".8"/></svg>										<span class="pk-lang-abbr">AR</span>
										<span class="pk-lang-name">العربية</span>
									</a>
								</li>
													</ul>
					</div>
								<a class="pk-header-icon" href="http://localhost:8092/fr/favoris/" aria-label="Favoris">
				<svg xmlns="http://www.w3.org/2000/svg" viewBox="0 0 24 24" fill="none" stroke="currentColor" stroke-width="2" stroke-linecap="round" stroke-linejoin="round" aria-hidden="true"><path d="M20.84 4.61a5.5 5.5 0 0 0-7.78 0L12 5.67l-1.06-1.06a5.5 5.5 0 0 0-7.78 7.78l1.06 1.06L12 21.23l7.78-7.78 1.06-1.06a5.5 5.5 0 0 0 0-7.78z"/></svg>
			</a>
							<a class="pk-header-icon pk-header-cta pk-btn pk-btn-primary pk-btn-sm" href="http://localhost:8092/fr/deposer-une-annonce/">
					Déposer une annonce				</a>
						<button class="pk-nav-toggle" type="button" aria-expanded="false" aria-controls="pk-mobile-menu" aria-label="Ouvrir le menu">
				<span class="pk-nav-toggle-bar" aria-hidden="true"></span>
				<span class="pk-nav-toggle-bar" aria-hidden="true"></span>
				<span class="pk-nav-toggle-bar" aria-hidden="true"></span>
			</button>
		</div>
	</div>

	<nav class="pk-main-nav" aria-label="Menu principal">
		<div class="pk-container">
			<ul class="pk-menu"><li class="pk-menu-item"><a href="http://localhost:8092/fr/">Accueil</a></li><li class="pk-menu-item"><a href="http://localhost:8092/annonces/">Annonces</a></li><li class="pk-menu-item"><a href="http://localhost:8092/fr/deposer-une-annonce/">Déposer une annonce</a></li></ul>			</div>
		</nav>

		<div class="pk-mobile-menu" id="pk-mobile-menu" hidden>
			</div>
</header>

<main id="main-content" class="pk-main">
<section class="pk-archive">
	<div class="pk-container">
					<div class="pk-empty">
				<h2>Rien à afficher pour le moment.</h2>
				<a class="pk-btn pk-btn-outline" href="http://localhost:8092/fr/">
					Retour à l’accueil				</a>
			</div>
			</div>
</section>

</main>

<footer class="pk-site-footer" role="contentinfo">
	<div class="pk-footer-top">
		<div class="pk-footer-col">
				<h3 class="pk-footer-title">À propos</h3>
			<p class="pk-footer-about">Portail immobilier 100% gratuit entre particuliers. Publiez votre annonce sans commission ni intermédiaire.</p>
			<div class="pk-footer-socials">
				<a href="#" aria-label="Facebook"><svg xmlns="http://www.w3.org/2000/svg" viewBox="0 0 24 24" fill="none" stroke="currentColor" stroke-width="2" stroke-linecap="round" stroke-linejoin="round" aria-hidden="true"><path d="M18 2h-3a5 5 0 0 0-5 5v3H7v4h3v8h4v-8h3l1-4h-4V7a1 1 0 0 1 1-1h3z"/></svg></a>
				<a href="#" aria-label="Instagram"><svg xmlns="http://www.w3.org/2000/svg" viewBox="0 0 24 24" fill="none" stroke="currentColor" stroke-width="2" stroke-linecap="round" stroke-linejoin="round" aria-hidden="true"><rect x="2" y="2" width="20" height="20" rx="5"/><path d="M16 11.37A4 4 0 1 1 12.63 8 4 4 0 0 1 16 11.37z"/><line x1="17.5" y1="6.5" x2="17.51" y2="6.5"/></svg></a>
				<a href="#" aria-label="X (Twitter)"><svg xmlns="http://www.w3.org/2000/svg" viewBox="0 0 24 24" fill="none" stroke="currentColor" stroke-width="2" stroke-linecap="round" stroke-linejoin="round" aria-hidden="true"><path d="M4 4l7.07 9.17L4 20h2.5l6.07-6.07L17.5 20H20l-7.4-9.61L19.5 4H17l-5.6 5.76L6.5 4z"/></svg></a>
				<a href="#" aria-label="YouTube"><svg xmlns="http://www.w3.org/2000/svg" viewBox="0 0 24 24" fill="none" stroke="currentColor" stroke-width="2" stroke-linecap="round" stroke-linejoin="round" aria-hidden="true"><path d="M22.54 6.42a2.78 2.78 0 0 0-1.94-2C18.88 4 12 4 12 4s-6.88 0-8.6.46a2.78 2.78 0 0 0-1.94 2A29 29 0 0 0 1 11.75a29 29 0 0 0 .46 5.33A2.78 2.78 0 0 0 3.4 19c1.72.46 8.6.46 8.6.46s6.88 0 8.6-.46a2.78 2.78 0 0 0 1.94-2 29 29 0 0 0 .46-5.25 29 29 0 0 0-.46-5.33z"/><polygon points="9.75 15.02 15.5 11.75 9.75 8.48 9.75 15.02"/></svg></a>
			</div>
		</div>

		<div class="pk-footer-col">
				<h3 class="pk-footer-title">Aide</h3>
			<ul class="pk-footer-links">
<li><a href="http://localhost:8092/fr/deposer-une-annonce/">Déposer une annonce</a></li>
					<li><a href="http://localhost:8092/annonces/">Toutes les annonces</a></li>
					<li><a href="http://localhost:8092/fr/faq/">Questions fréquentes</a></li>
					<li><a href="http://localhost:8092/fr/contact/">Contactez-nous</a></li>
			</ul>
		</div>

		<div class="pk-footer-col">
								<h3 class="pk-footer-title">Types de biens</h3>
				<ul class="pk-footer-links">
											<li><a href="http://localhost:8092/fr/property-type/appartement/">Appartement</a></li>
											<li><a href="http://localhost:8092/fr/property-type/loft/">Loft</a></li>
											<li><a href="http://localhost:8092/fr/property-type/maison/">Maison</a></li>
											<li><a href="http://localhost:8092/fr/property-type/studio/">Studio</a></li>
									</ul>
					</div>

		<div class="pk-footer-col">
				<h3 class="pk-footer-title">Contact</h3>
			<div class="pk-footer-contact">
				<p><a href="mailto:admin@example.com">admin@example.com</a></p>				<p>Maroc</p>
				<p>Rabat, Casablanca, Marrakech, Tanger, Agadir</p>			</div>
		</div>
	</div>

	<div class="pk-footer-bottom">
		<div class="pk-container pk-footer-bottom-inner">
				<p class="pk-copyright">&copy; 2026 Partikulier Final. Tous droits réservés.</p>
			<nav class="pk-footer-legal" aria-label="Mentions légales">
							</nav>
		</div>
	</div>
</footer>

<div class="es-magnific-popup es-authentication-popup mfp-hide" id="es-authentication-popup">
    <div class="es-auth js-es-auth content-font">
                    <div class="es-auth__item es-auth__login-buttons ">
	        <h3 class="heading-font">Connexion ou Inscription
</h3>
	
	        <p>pour enregistrer vos maisons préférées et plus encore</p>
	
							        <a href="#" data-auth-item="login-form" class="js-es-auth-item__switcher es-btn es-btn--default es-btn--auth ">
			Connectez-vous avec e-mail
        </a>
	
	        <p class="sign-in-text">Vous n'avez pas de compte ? <a href="#" data-auth-item="buyer-register-buttons" class="js-es-auth-item__switcher">S'inscrire</a></p>
	
    <div class="es-space"></div>
</div>
        <div class="es-auth__item js-es-auth__login-form es-auth__login-form es-auth__item--hidden">
	        <h3 class="heading-font">Connexion ou Inscription
</h3>
	
	        <p>pour enregistrer vos maisons préférées et plus encore</p>
	
    <div class="all-login-back">
        <a href="#" data-auth-item="login-buttons" class="js-es-auth-item__switcher">
            <span class="es-icon es-icon_chevron-left"></span>Toutes les options de connexion        </a>
    </div>

    <form action="" method="POST">
		
                               <div class='es-field es-field__es_user_login es-field--text '>
                                   <label for='es_user_login-6a89c0696652d'><span class='es-field__label'>Email</span><input id="es_user_login-6a89c0696652d" name="es_user_login" class="es-field__input" required="required" autocomplete="username" type="text" value="" /></label>
                               </div>
                           
                                   <div class='es-field es-field__es_user_password es-field--password '>
                                       <label for='es_user_password-6a89c06966574'><span class='es-field__label'>Mot de passe</span><div class='es-input__wrap'><input id="es_user_password-6a89c06966574" name="es_user_password" class="es-field__input" required="required" autocomplete="current-password" type="password" value="" /><a href='#' aria-label='Show or Hide password' class='es-toggle-pwd js-es-toggle-pwd'><span class='es-icon es-icon_eye'></span></a></div></label>
                                   </div>
                                       <div class="forgot-pwd">
            <a href="#" data-auth-item="reset-form" class="js-es-auth-item__switcher">Mot de passe oublié?
</a>
        </div>

		<input id="is_popup-6a89c06966599" name="is_popup" class="es-field__input" type="hidden" value="1" />        <input type="hidden" name="uniqid" value="6a89c069665ab"/>
		<input type="hidden" id="es_auth_nonce_6a89c069665ab" name="es_auth_nonce_6a89c069665ab" value="891bbfc82a" /><input type="hidden" name="_wp_http_referer" value="/partikulier/v1/automation-event" />	            <button type="submit" class="es-btn es-btn--primary js-es-btn--login es-btn--login" disabled>Connexion
</button>
    </form>

	        <p class="sign-in-text">Vous n'avez pas de compte ? <a href="#" class="js-es-auth-item__switcher" data-auth-item="buyer-register-buttons">S'inscrire</a></p>
	    <div class="es-space"></div>
</div>
        <div class="es-auth__item es-auth__reset-form es-auth__item--hidden">
    <h3 class="heading-font">Reset password</h3>
    <p>Entrez votre adresse e-mail et nous vous enverrons un lien pour changer votre mot de passe.</p>

    <form action="" method="POST">
		<input id="is_popup-6a89c06966711" name="is_popup" class="es-field__input" type="hidden" value="1" />
        <input type="hidden" name="uniqid" value="6a89c0696672b"/>

					
                               <div class='es-field es-field__es_user_email es-field--email '>
                                   <label for='es_user_email-6a89c06966730'><span class='es-field__label'>Email</span><input id="es_user_email-6a89c06966730" name="es_user_email" class="es-field__input" required="required" autocomplete="username" type="email" value="" /></label>
                               </div>
                           			<input type="hidden" id="es_retrieve_pwd_nonce_6a89c0696672b" name="es_retrieve_pwd_nonce_6a89c0696672b" value="8027b065e9" /><input type="hidden" name="_wp_http_referer" value="/partikulier/v1/automation-event" />			            <button type="submit" class="es-btn es-btn--primary es-btn--reset">Envoyer le lien de réinitialisation</button>
		
        <div><a href="#" data-auth-item="login-buttons" class="js-es-auth-item__switcher login-back"><span class="es-icon es-icon_chevron-left"></span>Retour à la connexion</a></div>
    </form>
    <div class="es-space"></div>
</div>
	                <div class="es-auth__item es-auth__buyer-register-buttons es-auth__item--hidden">
	        <h3 class="heading-font">Commencez avec votre compte
</h3>
	
	        <p>pour enregistrer vos maisons préférées et plus encore</p>
	
							        <a href="#" data-auth-item="buyer-register-form" class="js-es-auth-item__switcher es-btn es-btn--default es-btn--auth ">Inscrivez-vous avec l'adresse e-mail</a>
	
    <p class="sign-in-text">Vous avez déjà un compte? <a href="#" data-auth-item="login-buttons" class="js-es-auth-item__switcher">S'identifier</a></p>
    <div class="es-space"></div>
</div>
            <div class="es-auth__item es-auth__buyer-register-form es-auth__item--hidden">
	        <h3 class="heading-font">Commencez avec votre compte
</h3>
	
	        <p>pour enregistrer vos maisons préférées et plus encore</p>
	
    <div class="all-login-back">
        <a href="#" class="js-es-auth-item__switcher" data-auth-item="buyer-register-buttons">
            <span class="es-icon es-icon_chevron-left"></span>Toutes les options d'inscription        </a>
    </div>

    <form action="" method="POST">
		        <input type="hidden" name="uniqid" value="6a89c06966958"/>
        <input type="hidden" id="es_register_nonce_6a89c06966958" name="es_register_nonce_6a89c06966958" value="f2f73c2f84" /><input type="hidden" name="_wp_http_referer" value="/partikulier/v1/automation-event" /><input id="redirect_url-6a89c06966975" name="redirect_url" class="es-field__input" type="hidden" /><input id="es_type-6a89c06966994" name="es_type" class="es-field__input" type="hidden" value="buyer" /><input id="is_popup-6a89c069669a3" name="is_popup" class="es-field__input" type="hidden" value="1" />
                               <div class='es-field es-field__es_extra_info es-field--text '>
                                   <label for='es_extra_info-6a89c069669af'><input id="es_extra_info-6a89c069669af" name="es_extra_info" class="es-field__input" type="text" value="" /></label>
                               </div>
                           
                               <div class='es-field es-field__es_user_email es-field--email '>
                                   <label for='es_user_email-6a89c069669d6'><span class='es-field__label'>Email</span><input id="es_user_email-6a89c069669d6" name="es_user_email" class="es-field__input" required="required" autocomplete="username" type="email" value="" /><p class='es-field__description'>Vous l'utiliserez pour vous connecter et nous l'utiliserons pour vous contacter.</p></label>
                               </div>
                           
                                   <div class='es-field es-field__es_user_password es-field--password '>
                                       <label for='es_user_password-6a89c069669f2'><span class='es-field__label'>Mot de passe</span><div class='es-input__wrap'><input id="es_user_password-6a89c069669f2" name="es_user_password" class="js-es-password-field es-field__input" required="required" minlength="8" autocomplete="new-password" type="password" value="" /><a href='#' aria-label='Show or Hide password' class='es-toggle-pwd js-es-toggle-pwd'><span class='es-icon es-icon_eye'></span></a></div><p class='es-field__description'><ul class='es-field__validate-list'>
                                <li class='es-validate-item es-validate-item__contain'>Ne peut pas contenir le nom ou l'adresse e-mail</li>
                                <li class='es-validate-item es-validate-item__length'>Au moins 8 caractères</li>
                                <li class='es-validate-item es-validate-item__char'>Contient un chiffre ou un symbole</li>
                            </ul></p></label>
                                   </div>
                               
	    
        <button type="submit" disabled class="es-btn es-btn--primary es-btn--signup">S'inscrire</button>
		<div class='es-privacy-policy-container'><div class='es-terms-text'>By clicking the «S'INSCRIRE» button you agree to the Conditions d'utilisation and Politique de confidentialité</div></div>        <p class="sign-in-text">Vous avez déjà un compte? <a href="#" class="js-es-auth-item__switcher" data-auth-item="login-buttons">S'identifier</a></p>
    </form>
    <div class="es-space"></div>
</div>
            
    <div class='es-powered content-font'>Powered by <a target='_blank' href='https://estatik.net'>Estatik</a></div></div>
</div>
<script id="partikulier-main-js-extra">
var pkConfig = {"ajaxUrl":"http:\/\/localhost:8092\/wp-admin\/admin-ajax.php","nonce":"7971bb389d","manageNonce":"","homeUrl":"http:\/\/localhost:8092\/fr\/","placesNonce":"afb07b6462","submitNonce":"8b48d281ee","language":"fr","i18n":{"publishing":"Publication en cours\u2026","serverError":"Erreur serveur","saved":"Annonce enregistr\u00e9e !","retry":"r\u00e9essayez ou contactez-nous.","whatsappTitle":"Une derni\u00e8re \u00e9tape : WhatsApp","whatsappIntro":"Votre annonce est enregistr\u00e9e, mais reste invisible tant que l\u2019\u00e9quipe n\u2019a pas rapproch\u00e9 votre message WhatsApp.","whatsappCode":"Code de validation :","whatsappOpen":"Ouvrir WhatsApp et envoyer le message","whatsappNote":"Conservez ce code. L\u2019annonce sera publi\u00e9e seulement apr\u00e8s v\u00e9rification manuelle du message par l\u2019\u00e9quipe Partikulier.","photoError":"photo(s) n'ont pas pu \u00eatre ajout\u00e9es :","photoHint":"Vous pourrez les ajouter depuis \u00ab Mes annonces \u00bb apr\u00e8s validation."}};
</script>
<script src="http://localhost:8092/wp-content/themes/partikulier/assets/js/main.js?ver=6.17.1" id="partikulier-main-js" defer data-wp-strategy="defer"></script>
</body>
</html>
  Round 1: FAIL (Condition d'idempotence non remplie)
