── Alignement des versions sur 6.17.10
── Contrôle qualité
════════ Contrôle qualité Partikulier ════════

── Syntaxe PHP
   66 fichiers, aucune erreur
── Syntaxe JavaScript
   2 fichiers, aucune erreur
── Cohérence des versions
   style.css 6.17.10 · functions.php 6.17.10 · package.json 6.17.10 · readme.txt 6.17.10
   Les 4 fichiers concordent
── Garde-fou routes automation
   modules automation via wrapper central       OK
── Garde-fou R6 chaînes publiques
Scanner R6 : OK (0 texte en dur détecté)
── Régressions connues
   .pk-wish-active stylée               OK
   gestionnaires favoris : 1 gestionnaire(s) addEventListener détecté(s)
   garde .pk-steps dans main.js          OK
   vocabulaire (pas de « mandataire » affiché)  OK

════════ Tout est conforme ════════

Bundle : /home/ubuntu/work/partikulier2/partikulier-6.17.10.zip
Taille  : 14M
SHA-256 : edc324b1542b9a4289e616382b625fc24b4bb9bd5d213b7a493b167db5d5fd47
Thème   : /home/ubuntu/work/partikulier2/partikulier-6.17.10-theme.zip
Baselines dans bundle : 30
