/usr/local/lib/python3.12/dist-packages/glom/matching.py:764: SyntaxWarning: invalid escape sequence '\ '
  """The :class:`Switch` specifier type routes data processing based on


┌─────────────┐
│ Scan Status │
└─────────────┘
  Scanning 8 files tracked by git with 1074 Code rules:

  Language      Rules   Files          Origin      Rules
 ─────────────────────────────        ───────────────────
  <multilang>      47       8          Community    1074
  php              38       7
  js              153       1



┌──────────────┐
│ Scan Summary │
└──────────────┘
✅ Scan completed successfully.
 • Findings: 0 (0 blocking)
 • Rules run: 237
 • Targets scanned: 8
 • Parsed lines: ~100.0%
 • No ignore information available
Ran 237 rules on 8 files: 0 findings.
(need more rules? `semgrep login` for additional free Semgrep Registry rules)


A new version of Semgrep is available. See https://semgrep.dev/docs/upgrading
If Semgrep missed a finding, please send us feedback to let us know!
See https://semgrep.dev/docs/reporting-false-negatives/
